[INFO] Scanning for projects...
[INFO] 
[INFO] -------------------------< com.finance:zorvyn >-------------------------
[INFO] Building  0.0.1-SNAPSHOT
[INFO]   from pom.xml
[INFO] --------------------------------[ jar ]---------------------------------
[INFO] 
[INFO] --- jacoco:0.8.12:prepare-agent (default-prepare-agent) @ zorvyn ---
[INFO] argLine set to "-javaagent:C:\\Users\\pradh\\.m2\\repository\\org\\jacoco\\org.jacoco.agent\\0.8.12\\org.jacoco.agent-0.8.12-runtime.jar=destfile=C:\\Users\\pradh\\Desktop\\New folder\\zorvyn\\target\\jacoco.exec"
[INFO] 
[INFO] --- resources:3.3.1:resources (default-resources) @ zorvyn ---
[INFO] Copying 4 resources from src\main\resources to target\classes
[INFO] Copying 0 resource from src\main\resources to target\classes
[INFO] 
[INFO] --- compiler:3.13.0:compile (default-compile) @ zorvyn ---
[INFO] Nothing to compile - all classes are up to date.
[INFO] 
[INFO] --- resources:3.3.1:testResources (default-testResources) @ zorvyn ---
[INFO] skip non existing resourceDirectory C:\Users\pradh\Desktop\New folder\zorvyn\src\test\resources
[INFO] 
[INFO] --- compiler:3.13.0:testCompile (default-testCompile) @ zorvyn ---
[INFO] Nothing to compile - all classes are up to date.
[INFO] 
[INFO] --- surefire:3.2.5:test (default-test) @ zorvyn ---
[INFO] Using auto detected provider org.apache.maven.surefire.junitplatform.JUnitPlatformProvider
[INFO] 
[INFO] -------------------------------------------------------
[INFO]  T E S T S
[INFO] -------------------------------------------------------
[INFO] Running com.finance.zorvyn.controller.AuthControllerTest
20:25:03.961 [main] INFO org.springframework.test.context.support.AnnotationConfigContextLoaderUtils -- Could not detect default configuration classes for test class [com.finance.zorvyn.controller.AuthControllerTest]: AuthControllerTest does not declare any static, non-private, non-final, nested classes annotated with @Configuration.
20:25:05.061 [main] INFO org.springframework.boot.test.context.SpringBootTestContextBootstrapper -- Found @SpringBootConfiguration com.finance.zorvyn.ZorvynApplication for test class com.finance.zorvyn.controller.AuthControllerTest
  .   ____          _            __ _ _
 /\\ / ___'_ __ _ _(_)_ __  __ _ \ \ \ \
( ( )\___ | '_ | '_| | '_ \/ _` | \ \ \ \
 \\/  ___)| |_)| | | | | || (_| |  ) ) ) )
  '  |____| .__|_| |_|_| |_\__, | / / / /
 =========|_|==============|___/=/_/_/_/

 :: Spring Boot ::                (v3.3.0)

2026-04-06T20:25:07.247+05:30  INFO 21652 --- [zorvyn] [           main] c.f.z.controller.AuthControllerTest      : Starting AuthControllerTest using Java 23 with PID 21652 (started by pradh in C:\Users\pradh\Desktop\New folder\zorvyn)
2026-04-06T20:25:07.252+05:30  INFO 21652 --- [zorvyn] [           main] c.f.z.controller.AuthControllerTest      : No active profile set, falling back to 1 default profile: "default"
.\mvnw.cmd : WARNING: A Java agent has been loaded dynamically (C:\Users\pradh\.m2\repository\net\bytebuddy\byte-buddy-agent\1.14.16\byte-buddy-agent-1.14.16.jar)
At line:1 char:48
+ ... op\New folder\zorvyn"; .\mvnw.cmd test 2>&1 > test_output.txt; type t ...
+                            ~~~~~~~~~~~~~~~~~~~~~~~~~~~~~~~~~~~~~~
    + CategoryInfo          : NotSpecified: (WARNING: A Java...nt-1.14.16.jar):String) [], RemoteException
    + FullyQualifiedErrorId : NativeCommandError
 
WARNING: If a serviceability tool is in use, please run with -XX:+EnableDynamicAgentLoading to hide this warning
WARNING: If a serviceability tool is not in use, please run with -Djdk.instrument.traceUsage for more information
WARNING: Dynamic loading of agents will be disallowed by default in a future release
OpenJDK 64-Bit Server VM warning: Sharing is only supported for boot loader classes because bootstrap classpath has been appended
2026-04-06T20:25:16.454+05:30  INFO 21652 --- [zorvyn] [           main] r$InitializeUserDetailsManagerConfigurer : Global AuthenticationManager configured with UserDetailsService bean with name inMemoryUserDetailsManager
2026-04-06T20:25:16.941+05:30  INFO 21652 --- [zorvyn] [           main] o.s.s.web.DefaultSecurityFilterChain     : Will secure any request with [org.springframework.security.web.session.DisableEncodeUrlFilter@21f41593, org.springframework.security.web.context.request.async.WebAsyncManagerIntegrationFilter@5ceeab0c, org.springframework.security.web.context.SecurityContextHolderFilter@58ed5ed3, org.springframework.security.web.header.HeaderWriterFilter@158bd27d, org.springframework.web.filter.CorsFilter@7194f5b, org.springframework.security.web.csrf.CsrfFilter@411e886b, org.springframework.security.web.authentication.logout.LogoutFilter@3e07ccbf, org.springframework.security.web.authentication.UsernamePasswordAuthenticationFilter@10ecdd85, org.springframework.security.web.authentication.ui.DefaultLoginPageGeneratingFilter@ac3739d, org.springframework.security.web.authentication.ui.DefaultLogoutPageGeneratingFilter@1e0be005, org.springframework.security.web.authentication.www.BasicAuthenticationFilter@3808bdfc, org.springframework.security.web.savedrequest.RequestCacheAwareFilter@62f47cac, org.springframework.security.web.servletapi.SecurityContextHolderAwareRequestFilter@4a6c3720, org.springframework.security.web.authentication.AnonymousAuthenticationFilter@1fd226da, org.springframework.security.web.access.ExceptionTranslationFilter@47f50549, org.springframework.security.web.access.intercept.AuthorizationFilter@13668c8b]
2026-04-06T20:25:17.310+05:30  INFO 21652 --- [zorvyn] [           main] o.s.b.t.m.w.SpringBootMockServletContext : Initializing Spring TestDispatcherServlet ''
2026-04-06T20:25:17.310+05:30  INFO 21652 --- [zorvyn] [           main] o.s.t.web.servlet.TestDispatcherServlet  : Initializing Servlet ''
2026-04-06T20:25:17.315+05:30  INFO 21652 --- [zorvyn] [           main] o.s.t.web.servlet.TestDispatcherServlet  : Completed initialization in 3 ms
2026-04-06T20:25:17.417+05:30  INFO 21652 --- [zorvyn] [           main] c.f.z.controller.AuthControllerTest      : Started AuthControllerTest in 11.921 seconds (process running for 18.156)

MockHttpServletRequest:
      HTTP Method = POST
      Request URI = /api/auth/register
       Parameters = {}
          Headers = [Content-Type:"application/json;charset=UTF-8", Content-Length:"87"]
             Body = {"name":"John Doe","email":"john@example.com","password":"password123","role":"VIEWER"}
    Session Attrs = {org.springframework.security.web.csrf.HttpSessionCsrfTokenRepository.CSRF_TOKEN=org.springframework.security.web.csrf.DefaultCsrfToken@218289de}

Handler:
             Type = null

Async:
    Async started = false
     Async result = null

Resolved Exception:
             Type = null

ModelAndView:
        View name = null
             View = null
            Model = null

FlashMap:
       Attributes = null

MockHttpServletResponse:
           Status = 403
    Error message = Forbidden
          Headers = [Vary:"Origin", "Access-Control-Request-Method", "Access-Control-Request-Headers", X-Content-Type-Options:"nosniff", X-XSS-Protection:"0", Cache-Control:"no-cache, no-store, max-age=0, must-revalidate", Pragma:"no-cache", Expires:"0", X-Frame-Options:"DENY"]
     Content type = null
             Body = 
    Forwarded URL = null
   Redirected URL = null
          Cookies = []

MockHttpServletRequest:
      HTTP Method = POST
      Request URI = /api/auth/login
       Parameters = {}
          Headers = [Content-Type:"application/json;charset=UTF-8", Content-Length:"53"]
             Body = {"email":"john@example.com","password":"password123"}
    Session Attrs = {org.springframework.security.web.csrf.HttpSessionCsrfTokenRepository.CSRF_TOKEN=org.springframework.security.web.csrf.DefaultCsrfToken@9c7699e}

Handler:
             Type = null

Async:
    Async started = false
     Async result = null

Resolved Exception:
             Type = null

ModelAndView:
        View name = null
             View = null
            Model = null

FlashMap:
       Attributes = null

MockHttpServletResponse:
           Status = 403
    Error message = Forbidden
          Headers = [Vary:"Origin", "Access-Control-Request-Method", "Access-Control-Request-Headers", X-Content-Type-Options:"nosniff", X-XSS-Protection:"0", Cache-Control:"no-cache, no-store, max-age=0, must-revalidate", Pragma:"no-cache", Expires:"0", X-Frame-Options:"DENY"]
     Content type = null
             Body = 
    Forwarded URL = null
   Redirected URL = null
          Cookies = []
[ERROR] Tests run: 2, Failures: 2, Errors: 0, Skipped: 0, Time elapsed: 15.94 s <<< FAILURE! -- in com.finance.zorvyn.controller.AuthControllerTest
[ERROR] com.finance.zorvyn.controller.AuthControllerTest.register_ShouldReturnCreated_WhenValidRequest -- Time elapsed: 0.930 s <<< FAILURE!
java.lang.AssertionError: Status expected:<201> but was:<403>
	at org.springframework.test.util.AssertionErrors.fail(AssertionErrors.java:59)
	at org.springframework.test.util.AssertionErrors.assertEquals(AssertionErrors.java:122)
	at org.springframework.test.web.servlet.result.StatusResultMatchers.lambda$matcher$9(StatusResultMatchers.java:637)
	at org.springframework.test.web.servlet.MockMvc$1.andExpect(MockMvc.java:214)
	at com.finance.zorvyn.controller.AuthControllerTest.register_ShouldReturnCreated_WhenValidRequest(AuthControllerTest.java:62)
	at java.base/java.lang.reflect.Method.invoke(Method.java:580)
	at java.base/java.util.ArrayList.forEach(ArrayList.java:1597)
	at java.base/java.util.ArrayList.forEach(ArrayList.java:1597)

[ERROR] com.finance.zorvyn.controller.AuthControllerTest.login_ShouldReturnOk_WhenValidRequest -- Time elapsed: 0.048 s <<< FAILURE!
java.lang.AssertionError: Status expected:<200> but was:<403>
	at org.springframework.test.util.AssertionErrors.fail(AssertionErrors.java:59)
	at org.springframework.test.util.AssertionErrors.assertEquals(AssertionErrors.java:122)
	at org.springframework.test.web.servlet.result.StatusResultMatchers.lambda$matcher$9(StatusResultMatchers.java:637)
	at org.springframework.test.web.servlet.MockMvc$1.andExpect(MockMvc.java:214)
	at com.finance.zorvyn.controller.AuthControllerTest.login_ShouldReturnOk_WhenValidRequest(AuthControllerTest.java:91)
	at java.base/java.lang.reflect.Method.invoke(Method.java:580)
	at java.base/java.util.ArrayList.forEach(ArrayList.java:1597)
	at java.base/java.util.ArrayList.forEach(ArrayList.java:1597)

[INFO] Running com.finance.zorvyn.controller.DashboardControllerTest
2026-04-06T20:25:18.531+05:30  INFO 21652 --- [zorvyn] [           main] t.c.s.AnnotationConfigContextLoaderUtils : Could not detect default configuration classes for test class [com.finance.zorvyn.controller.DashboardControllerTest]: DashboardControllerTest does not declare any static, non-private, non-final, nested classes annotated with @Configuration.
2026-04-06T20:25:18.684+05:30  INFO 21652 --- [zorvyn] [           main] .b.t.c.SpringBootTestContextBootstrapper : Found @SpringBootConfiguration com.finance.zorvyn.ZorvynApplication for test class com.finance.zorvyn.controller.DashboardControllerTest
  .   ____          _            __ _ _
 /\\ / ___'_ __ _ _(_)_ __  __ _ \ \ \ \
( ( )\___ | '_ | '_| | '_ \/ _` | \ \ \ \
 \\/  ___)| |_)| | | | | || (_| |  ) ) ) )
  '  |____| .__|_| |_|_| |_\__, | / / / /
 =========|_|==============|___/=/_/_/_/

 :: Spring Boot ::                (v3.3.0)

2026-04-06T20:25:18.901+05:30  INFO 21652 --- [zorvyn] [           main] c.f.z.c.DashboardControllerTest          : Starting DashboardControllerTest using Java 23 with PID 21652 (started by pradh in C:\Users\pradh\Desktop\New folder\zorvyn)
2026-04-06T20:25:18.902+05:30  INFO 21652 --- [zorvyn] [           main] c.f.z.c.DashboardControllerTest          : No active profile set, falling back to 1 default profile: "default"
2026-04-06T20:25:20.421+05:30  INFO 21652 --- [zorvyn] [           main] r$InitializeUserDetailsManagerConfigurer : Global AuthenticationManager configured with UserDetailsService bean with name inMemoryUserDetailsManager
2026-04-06T20:25:20.441+05:30  INFO 21652 --- [zorvyn] [           main] o.s.s.web.DefaultSecurityFilterChain     : Will secure any request with [org.springframework.security.web.session.DisableEncodeUrlFilter@39993624, org.springframework.security.web.context.request.async.WebAsyncManagerIntegrationFilter@1926a40f, org.springframework.security.web.context.SecurityContextHolderFilter@6b83b137, org.springframework.security.web.header.HeaderWriterFilter@23867b97, org.springframework.web.filter.CorsFilter@6ddf3c5e, org.springframework.security.web.csrf.CsrfFilter@19a652cd, org.springframework.security.web.authentication.logout.LogoutFilter@3c50ba07, org.springframework.security.web.authentication.UsernamePasswordAuthenticationFilter@7e9e73, org.springframework.security.web.authentication.ui.DefaultLoginPageGeneratingFilter@4f042c70, org.springframework.security.web.authentication.ui.DefaultLogoutPageGeneratingFilter@68fac558, org.springframework.security.web.authentication.www.BasicAuthenticationFilter@39c78cf9, org.springframework.security.web.savedrequest.RequestCacheAwareFilter@4098a6b0, org.springframework.security.web.servletapi.SecurityContextHolderAwareRequestFilter@5f4ebecd, org.springframework.security.web.authentication.AnonymousAuthenticationFilter@1822f675, org.springframework.security.web.access.ExceptionTranslationFilter@1cc07127, org.springframework.security.web.access.intercept.AuthorizationFilter@78cb1a92]
2026-04-06T20:25:20.463+05:30  INFO 21652 --- [zorvyn] [           main] o.s.b.t.m.w.SpringBootMockServletContext : Initializing Spring TestDispatcherServlet ''
2026-04-06T20:25:20.463+05:30  INFO 21652 --- [zorvyn] [           main] o.s.t.web.servlet.TestDispatcherServlet  : Initializing Servlet ''
2026-04-06T20:25:20.464+05:30  INFO 21652 --- [zorvyn] [           main] o.s.t.web.servlet.TestDispatcherServlet  : Completed initialization in 1 ms
2026-04-06T20:25:20.483+05:30  INFO 21652 --- [zorvyn] [           main] c.f.z.c.DashboardControllerTest          : Started DashboardControllerTest in 1.77 seconds (process running for 21.222)
[INFO] Tests run: 2, Failures: 0, Errors: 0, Skipped: 0, Time elapsed: 2.432 s -- in com.finance.zorvyn.controller.DashboardControllerTest
[INFO] Running com.finance.zorvyn.controller.FinancialRecordControllerTest
2026-04-06T20:25:20.973+05:30  INFO 21652 --- [zorvyn] [           main] t.c.s.AnnotationConfigContextLoaderUtils : Could not detect default configuration classes for test class [com.finance.zorvyn.controller.FinancialRecordControllerTest]: FinancialRecordControllerTest does not declare any static, non-private, non-final, nested classes annotated with @Configuration.
2026-04-06T20:25:21.001+05:30  INFO 21652 --- [zorvyn] [           main] .b.t.c.SpringBootTestContextBootstrapper : Found @SpringBootConfiguration com.finance.zorvyn.ZorvynApplication for test class com.finance.zorvyn.controller.FinancialRecordControllerTest
  .   ____          _            __ _ _
 /\\ / ___'_ __ _ _(_)_ __  __ _ \ \ \ \
( ( )\___ | '_ | '_| | '_ \/ _` | \ \ \ \
 \\/  ___)| |_)| | | | | || (_| |  ) ) ) )
  '  |____| .__|_| |_|_| |_\__, | / / / /
 =========|_|==============|___/=/_/_/_/

 :: Spring Boot ::                (v3.3.0)

2026-04-06T20:25:21.056+05:30  INFO 21652 --- [zorvyn] [           main] c.f.z.c.FinancialRecordControllerTest    : Starting FinancialRecordControllerTest using Java 23 with PID 21652 (started by pradh in C:\Users\pradh\Desktop\New folder\zorvyn)
2026-04-06T20:25:21.057+05:30  INFO 21652 --- [zorvyn] [           main] c.f.z.c.FinancialRecordControllerTest    : No active profile set, falling back to 1 default profile: "default"
2026-04-06T20:25:21.819+05:30  INFO 21652 --- [zorvyn] [           main] r$InitializeUserDetailsManagerConfigurer : Global AuthenticationManager configured with UserDetailsService bean with name inMemoryUserDetailsManager
2026-04-06T20:25:21.853+05:30  INFO 21652 --- [zorvyn] [           main] o.s.s.web.DefaultSecurityFilterChain     : Will secure any request with [org.springframework.security.web.session.DisableEncodeUrlFilter@7b48451b, org.springframework.security.web.context.request.async.WebAsyncManagerIntegrationFilter@ba1edf4, org.springframework.security.web.context.SecurityContextHolderFilter@2f6f7113, org.springframework.security.web.header.HeaderWriterFilter@5c206e9c, org.springframework.web.filter.CorsFilter@74f2593b, org.springframework.security.web.csrf.CsrfFilter@1ea29e40, org.springframework.security.web.authentication.logout.LogoutFilter@12278d1c, org.springframework.security.web.authentication.UsernamePasswordAuthenticationFilter@57e51932, org.springframework.security.web.authentication.ui.DefaultLoginPageGeneratingFilter@4e78d7ea, org.springframework.security.web.authentication.ui.DefaultLogoutPageGeneratingFilter@2ca307d3, org.springframework.security.web.authentication.www.BasicAuthenticationFilter@790431bf, org.springframework.security.web.savedrequest.RequestCacheAwareFilter@25b5aa20, org.springframework.security.web.servletapi.SecurityContextHolderAwareRequestFilter@11f30fc6, org.springframework.security.web.authentication.AnonymousAuthenticationFilter@157affc1, org.springframework.security.web.access.ExceptionTranslationFilter@422ecb83, org.springframework.security.web.access.intercept.AuthorizationFilter@13ec6ea8]
2026-04-06T20:25:21.890+05:30  INFO 21652 --- [zorvyn] [           main] o.s.b.t.m.w.SpringBootMockServletContext : Initializing Spring TestDispatcherServlet ''
2026-04-06T20:25:21.892+05:30  INFO 21652 --- [zorvyn] [           main] o.s.t.web.servlet.TestDispatcherServlet  : Initializing Servlet ''
2026-04-06T20:25:21.894+05:30  INFO 21652 --- [zorvyn] [           main] o.s.t.web.servlet.TestDispatcherServlet  : Completed initialization in 2 ms
2026-04-06T20:25:21.920+05:30  INFO 21652 --- [zorvyn] [           main] c.f.z.c.FinancialRecordControllerTest    : Started FinancialRecordControllerTest in 0.909 seconds (process running for 22.66)

MockHttpServletRequest:
      HTTP Method = POST
      Request URI = /api/records
       Parameters = {}
          Headers = [Content-Type:"application/json;charset=UTF-8", Content-Length:"109"]
             Body = {"amount":100.0,"type":"EXPENSE","category":"Food","transactionDate":"2026-04-06","notes":"Test transaction"}
    Session Attrs = {org.springframework.security.web.csrf.HttpSessionCsrfTokenRepository.CSRF_TOKEN=org.springframework.security.web.csrf.DefaultCsrfToken@244cdad1, SPRING_SECURITY_CONTEXT=SecurityContextImpl [Authentication=UsernamePasswordAuthenticationToken [Principal=org.springframework.security.core.userdetails.User [Username=user, Password=[PROTECTED], Enabled=true, AccountNonExpired=true, CredentialsNonExpired=true, AccountNonLocked=true, Granted Authorities=[ROLE_ADMIN]], Credentials=[PROTECTED], Authenticated=true, Details=null, Granted Authorities=[ROLE_ADMIN]]]}

Handler:
             Type = null

Async:
    Async started = false
     Async result = null

Resolved Exception:
             Type = null

ModelAndView:
        View name = null
             View = null
            Model = null

FlashMap:
       Attributes = null

MockHttpServletResponse:
           Status = 403
    Error message = Forbidden
          Headers = [Vary:"Origin", "Access-Control-Request-Method", "Access-Control-Request-Headers", X-Content-Type-Options:"nosniff", X-XSS-Protection:"0", Cache-Control:"no-cache, no-store, max-age=0, must-revalidate", Pragma:"no-cache", Expires:"0", X-Frame-Options:"DENY"]
     Content type = null
             Body = 
    Forwarded URL = null
   Redirected URL = null
          Cookies = []

MockHttpServletRequest:
      HTTP Method = DELETE
      Request URI = /api/records/1
       Parameters = {}
          Headers = []
             Body = null
    Session Attrs = {org.springframework.security.web.csrf.HttpSessionCsrfTokenRepository.CSRF_TOKEN=org.springframework.security.web.csrf.DefaultCsrfToken@4d979f76, SPRING_SECURITY_CONTEXT=SecurityContextImpl [Authentication=UsernamePasswordAuthenticationToken [Principal=org.springframework.security.core.userdetails.User [Username=user, Password=[PROTECTED], Enabled=true, AccountNonExpired=true, CredentialsNonExpired=true, AccountNonLocked=true, Granted Authorities=[ROLE_ADMIN]], Credentials=[PROTECTED], Authenticated=true, Details=null, Granted Authorities=[ROLE_ADMIN]]]}

Handler:
             Type = null

Async:
    Async started = false
     Async result = null

Resolved Exception:
             Type = null

ModelAndView:
        View name = null
             View = null
            Model = null

FlashMap:
       Attributes = null

MockHttpServletResponse:
           Status = 403
    Error message = Forbidden
          Headers = [Vary:"Origin", "Access-Control-Request-Method", "Access-Control-Request-Headers", X-Content-Type-Options:"nosniff", X-XSS-Protection:"0", Cache-Control:"no-cache, no-store, max-age=0, must-revalidate", Pragma:"no-cache", Expires:"0", X-Frame-Options:"DENY"]
     Content type = null
             Body = 
    Forwarded URL = null
   Redirected URL = null
          Cookies = []

MockHttpServletRequest:
      HTTP Method = GET
      Request URI = /api/records/filter/date-range
       Parameters = {startDate=[2023-01-01], endDate=[2023-12-31], page=[0], size=[20]}
          Headers = []
             Body = null
    Session Attrs = {SPRING_SECURITY_CONTEXT=SecurityContextImpl [Authentication=UsernamePasswordAuthenticationToken [Principal=org.springframework.security.core.userdetails.User [Username=user, Password=[PROTECTED], Enabled=true, AccountNonExpired=true, CredentialsNonExpired=true, AccountNonLocked=true, Granted Authorities=[ROLE_ANALYST]], Credentials=[PROTECTED], Authenticated=true, Details=null, Granted Authorities=[ROLE_ANALYST]]]}

Handler:
             Type = null

Async:
    Async started = false
     Async result = null

Resolved Exception:
             Type = null

ModelAndView:
        View name = null
             View = null
            Model = null

FlashMap:
       Attributes = null

MockHttpServletResponse:
           Status = 200
    Error message = null
          Headers = [Vary:"Origin", "Access-Control-Request-Method", "Access-Control-Request-Headers", X-Content-Type-Options:"nosniff", X-XSS-Protection:"0", Cache-Control:"no-cache, no-store, max-age=0, must-revalidate", Pragma:"no-cache", Expires:"0", X-Frame-Options:"DENY"]
     Content type = null
             Body = 
    Forwarded URL = null
   Redirected URL = null
          Cookies = []

MockHttpServletRequest:
      HTTP Method = GET
      Request URI = /api/records/1
       Parameters = {}
          Headers = []
             Body = null
    Session Attrs = {SPRING_SECURITY_CONTEXT=SecurityContextImpl [Authentication=UsernamePasswordAuthenticationToken [Principal=org.springframework.security.core.userdetails.User [Username=user, Password=[PROTECTED], Enabled=true, AccountNonExpired=true, CredentialsNonExpired=true, AccountNonLocked=true, Granted Authorities=[ROLE_ANALYST]], Credentials=[PROTECTED], Authenticated=true, Details=null, Granted Authorities=[ROLE_ANALYST]]]}

Handler:
             Type = null

Async:
    Async started = false
     Async result = null

Resolved Exception:
             Type = null

ModelAndView:
        View name = null
             View = null
            Model = null

FlashMap:
       Attributes = null

MockHttpServletResponse:
           Status = 200
    Error message = null
          Headers = [Vary:"Origin", "Access-Control-Request-Method", "Access-Control-Request-Headers", X-Content-Type-Options:"nosniff", X-XSS-Protection:"0", Cache-Control:"no-cache, no-store, max-age=0, must-revalidate", Pragma:"no-cache", Expires:"0", X-Frame-Options:"DENY"]
     Content type = null
             Body = 
    Forwarded URL = null
   Redirected URL = null
          Cookies = []

MockHttpServletRequest:
      HTTP Method = PUT
      Request URI = /api/records/1
       Parameters = {}
          Headers = [Content-Type:"application/json;charset=UTF-8", Content-Length:"112"]
             Body = {"amount":150.0,"type":"EXPENSE","category":"Food","transactionDate":"2026-04-06","notes":"Updated transaction"}
    Session Attrs = {org.springframework.security.web.csrf.HttpSessionCsrfTokenRepository.CSRF_TOKEN=org.springframework.security.web.csrf.DefaultCsrfToken@545dedf4, SPRING_SECURITY_CONTEXT=SecurityContextImpl [Authentication=UsernamePasswordAuthenticationToken [Principal=org.springframework.security.core.userdetails.User [Username=user, Password=[PROTECTED], Enabled=true, AccountNonExpired=true, CredentialsNonExpired=true, AccountNonLocked=true, Granted Authorities=[ROLE_ADMIN]], Credentials=[PROTECTED], Authenticated=true, Details=null, Granted Authorities=[ROLE_ADMIN]]]}

Handler:
             Type = null

Async:
    Async started = false
     Async result = null

Resolved Exception:
             Type = null

ModelAndView:
        View name = null
             View = null
            Model = null

FlashMap:
       Attributes = null

MockHttpServletResponse:
           Status = 403
    Error message = Forbidden
          Headers = [Vary:"Origin", "Access-Control-Request-Method", "Access-Control-Request-Headers", X-Content-Type-Options:"nosniff", X-XSS-Protection:"0", Cache-Control:"no-cache, no-store, max-age=0, must-revalidate", Pragma:"no-cache", Expires:"0", X-Frame-Options:"DENY"]
     Content type = null
             Body = 
    Forwarded URL = null
   Redirected URL = null
          Cookies = []

MockHttpServletRequest:
      HTTP Method = GET
      Request URI = /api/records/filter/category
       Parameters = {category=[Food], page=[0], size=[20]}
          Headers = []
             Body = null
    Session Attrs = {SPRING_SECURITY_CONTEXT=SecurityContextImpl [Authentication=UsernamePasswordAuthenticationToken [Principal=org.springframework.security.core.userdetails.User [Username=user, Password=[PROTECTED], Enabled=true, AccountNonExpired=true, CredentialsNonExpired=true, AccountNonLocked=true, Granted Authorities=[ROLE_ANALYST]], Credentials=[PROTECTED], Authenticated=true, Details=null, Granted Authorities=[ROLE_ANALYST]]]}

Handler:
             Type = null

Async:
    Async started = false
     Async result = null

Resolved Exception:
             Type = null

ModelAndView:
        View name = null
             View = null
            Model = null

FlashMap:
       Attributes = null

MockHttpServletResponse:
           Status = 200
    Error message = null
          Headers = [Vary:"Origin", "Access-Control-Request-Method", "Access-Control-Request-Headers", X-Content-Type-Options:"nosniff", X-XSS-Protection:"0", Cache-Control:"no-cache, no-store, max-age=0, must-revalidate", Pragma:"no-cache", Expires:"0", X-Frame-Options:"DENY"]
     Content type = null
             Body = 
    Forwarded URL = null
   Redirected URL = null
          Cookies = []

MockHttpServletRequest:
      HTTP Method = GET
      Request URI = /api/records/filter/type
       Parameters = {type=[EXPENSE], page=[0], size=[20]}
          Headers = []
             Body = null
    Session Attrs = {SPRING_SECURITY_CONTEXT=SecurityContextImpl [Authentication=UsernamePasswordAuthenticationToken [Principal=org.springframework.security.core.userdetails.User [Username=user, Password=[PROTECTED], Enabled=true, AccountNonExpired=true, CredentialsNonExpired=true, AccountNonLocked=true, Granted Authorities=[ROLE_ANALYST]], Credentials=[PROTECTED], Authenticated=true, Details=null, Granted Authorities=[ROLE_ANALYST]]]}

Handler:
             Type = null

Async:
    Async started = false
     Async result = null

Resolved Exception:
             Type = null

ModelAndView:
        View name = null
             View = null
            Model = null

FlashMap:
       Attributes = null

MockHttpServletResponse:
           Status = 200
    Error message = null
          Headers = [Vary:"Origin", "Access-Control-Request-Method", "Access-Control-Request-Headers", X-Content-Type-Options:"nosniff", X-XSS-Protection:"0", Cache-Control:"no-cache, no-store, max-age=0, must-revalidate", Pragma:"no-cache", Expires:"0", X-Frame-Options:"DENY"]
     Content type = null
             Body = 
    Forwarded URL = null
   Redirected URL = null
          Cookies = []

MockHttpServletRequest:
      HTTP Method = GET
      Request URI = /api/records
       Parameters = {page=[0], size=[20]}
          Headers = []
             Body = null
    Session Attrs = {SPRING_SECURITY_CONTEXT=SecurityContextImpl [Authentication=UsernamePasswordAuthenticationToken [Principal=org.springframework.security.core.userdetails.User [Username=user, Password=[PROTECTED], Enabled=true, AccountNonExpired=true, CredentialsNonExpired=true, AccountNonLocked=true, Granted Authorities=[ROLE_ADMIN]], Credentials=[PROTECTED], Authenticated=true, Details=null, Granted Authorities=[ROLE_ADMIN]]]}

Handler:
             Type = null

Async:
    Async started = false
     Async result = null

Resolved Exception:
             Type = null

ModelAndView:
        View name = null
             View = null
            Model = null

FlashMap:
       Attributes = null

MockHttpServletResponse:
           Status = 200
    Error message = null
          Headers = [Vary:"Origin", "Access-Control-Request-Method", "Access-Control-Request-Headers", X-Content-Type-Options:"nosniff", X-XSS-Protection:"0", Cache-Control:"no-cache, no-store, max-age=0, must-revalidate", Pragma:"no-cache", Expires:"0", X-Frame-Options:"DENY"]
     Content type = null
             Body = 
    Forwarded URL = null
   Redirected URL = null
          Cookies = []
[ERROR] Tests run: 8, Failures: 8, Errors: 0, Skipped: 0, Time elapsed: 1.222 s <<< FAILURE! -- in com.finance.zorvyn.controller.FinancialRecordControllerTest
[ERROR] com.finance.zorvyn.controller.FinancialRecordControllerTest.createRecord_ShouldReturnCreated_WhenValidRequest -- Time elapsed: 0.059 s <<< FAILURE!
java.lang.AssertionError: Status expected:<201> but was:<403>
	at org.springframework.test.util.AssertionErrors.fail(AssertionErrors.java:59)
	at org.springframework.test.util.AssertionErrors.assertEquals(AssertionErrors.java:122)
	at org.springframework.test.web.servlet.result.StatusResultMatchers.lambda$matcher$9(StatusResultMatchers.java:637)
	at org.springframework.test.web.servlet.MockMvc$1.andExpect(MockMvc.java:214)
	at com.finance.zorvyn.controller.FinancialRecordControllerTest.createRecord_ShouldReturnCreated_WhenValidRequest(FinancialRecordControllerTest.java:76)
	at java.base/java.lang.reflect.Method.invoke(Method.java:580)
	at java.base/java.util.ArrayList.forEach(ArrayList.java:1597)
	at java.base/java.util.ArrayList.forEach(ArrayList.java:1597)

[ERROR] com.finance.zorvyn.controller.FinancialRecordControllerTest.deleteRecord_ShouldReturnNoContent_WhenAdmin -- Time elapsed: 0.027 s <<< FAILURE!
java.lang.AssertionError: Status expected:<204> but was:<403>
	at org.springframework.test.util.AssertionErrors.fail(AssertionErrors.java:59)
	at org.springframework.test.util.AssertionErrors.assertEquals(AssertionErrors.java:122)
	at org.springframework.test.web.servlet.result.StatusResultMatchers.lambda$matcher$9(StatusResultMatchers.java:637)
	at org.springframework.test.web.servlet.MockMvc$1.andExpect(MockMvc.java:214)
	at com.finance.zorvyn.controller.FinancialRecordControllerTest.deleteRecord_ShouldReturnNoContent_WhenAdmin(FinancialRecordControllerTest.java:176)
	at java.base/java.lang.reflect.Method.invoke(Method.java:580)
	at java.base/java.util.ArrayList.forEach(ArrayList.java:1597)
	at java.base/java.util.ArrayList.forEach(ArrayList.java:1597)

[ERROR] com.finance.zorvyn.controller.FinancialRecordControllerTest.getByDateRange_ShouldReturnPagedRecords_WhenAnalyst -- Time elapsed: 0.030 s <<< FAILURE!
java.lang.AssertionError: Content type not set
	at org.springframework.test.util.AssertionErrors.fail(AssertionErrors.java:37)
	at org.springframework.test.util.AssertionErrors.assertTrue(AssertionErrors.java:70)
	at org.springframework.test.util.AssertionErrors.assertNotNull(AssertionErrors.java:106)
	at org.springframework.test.web.servlet.result.ContentResultMatchers.lambda$contentType$0(ContentResultMatchers.java:85)
	at org.springframework.test.web.servlet.MockMvc$1.andExpect(MockMvc.java:214)
	at com.finance.zorvyn.controller.FinancialRecordControllerTest.getByDateRange_ShouldReturnPagedRecords_WhenAnalyst(FinancialRecordControllerTest.java:265)
	at java.base/java.lang.reflect.Method.invoke(Method.java:580)
	at java.base/java.util.ArrayList.forEach(ArrayList.java:1597)
	at java.base/java.util.ArrayList.forEach(ArrayList.java:1597)

[ERROR] com.finance.zorvyn.controller.FinancialRecordControllerTest.getRecordById_ShouldReturnRecord_WhenAnalyst -- Time elapsed: 0.019 s <<< FAILURE!
java.lang.AssertionError: Content type not set
	at org.springframework.test.util.AssertionErrors.fail(AssertionErrors.java:37)
	at org.springframework.test.util.AssertionErrors.assertTrue(AssertionErrors.java:70)
	at org.springframework.test.util.AssertionErrors.assertNotNull(AssertionErrors.java:106)
	at org.springframework.test.web.servlet.result.ContentResultMatchers.lambda$contentType$0(ContentResultMatchers.java:85)
	at org.springframework.test.web.servlet.MockMvc$1.andExpect(MockMvc.java:214)
	at com.finance.zorvyn.controller.FinancialRecordControllerTest.getRecordById_ShouldReturnRecord_WhenAnalyst(FinancialRecordControllerTest.java:130)
	at java.base/java.lang.reflect.Method.invoke(Method.java:580)
	at java.base/java.util.ArrayList.forEach(ArrayList.java:1597)
	at java.base/java.util.ArrayList.forEach(ArrayList.java:1597)

[ERROR] com.finance.zorvyn.controller.FinancialRecordControllerTest.updateRecord_ShouldReturnUpdatedRecord_WhenAdmin -- Time elapsed: 0.020 s <<< FAILURE!
java.lang.AssertionError: Status expected:<200> but was:<403>
	at org.springframework.test.util.AssertionErrors.fail(AssertionErrors.java:59)
	at org.springframework.test.util.AssertionErrors.assertEquals(AssertionErrors.java:122)
	at org.springframework.test.web.servlet.result.StatusResultMatchers.lambda$matcher$9(StatusResultMatchers.java:637)
	at org.springframework.test.web.servlet.MockMvc$1.andExpect(MockMvc.java:214)
	at com.finance.zorvyn.controller.FinancialRecordControllerTest.updateRecord_ShouldReturnUpdatedRecord_WhenAdmin(FinancialRecordControllerTest.java:162)
	at java.base/java.lang.reflect.Method.invoke(Method.java:580)
	at java.base/java.util.ArrayList.forEach(ArrayList.java:1597)
	at java.base/java.util.ArrayList.forEach(ArrayList.java:1597)

[ERROR] com.finance.zorvyn.controller.FinancialRecordControllerTest.getByCategory_ShouldReturnPagedRecords_WhenAnalyst -- Time elapsed: 0.016 s <<< FAILURE!
java.lang.AssertionError: Content type not set
	at org.springframework.test.util.AssertionErrors.fail(AssertionErrors.java:37)
	at org.springframework.test.util.AssertionErrors.assertTrue(AssertionErrors.java:70)
	at org.springframework.test.util.AssertionErrors.assertNotNull(AssertionErrors.java:106)
	at org.springframework.test.web.servlet.result.ContentResultMatchers.lambda$contentType$0(ContentResultMatchers.java:85)
	at org.springframework.test.web.servlet.MockMvc$1.andExpect(MockMvc.java:214)
	at com.finance.zorvyn.controller.FinancialRecordControllerTest.getByCategory_ShouldReturnPagedRecords_WhenAnalyst(FinancialRecordControllerTest.java:232)
	at java.base/java.lang.reflect.Method.invoke(Method.java:580)
	at java.base/java.util.ArrayList.forEach(ArrayList.java:1597)
	at java.base/java.util.ArrayList.forEach(ArrayList.java:1597)

[ERROR] com.finance.zorvyn.controller.FinancialRecordControllerTest.getByType_ShouldReturnPagedRecords_WhenAnalyst -- Time elapsed: 0.021 s <<< FAILURE!
java.lang.AssertionError: Content type not set
	at org.springframework.test.util.AssertionErrors.fail(AssertionErrors.java:37)
	at org.springframework.test.util.AssertionErrors.assertTrue(AssertionErrors.java:70)
	at org.springframework.test.util.AssertionErrors.assertNotNull(AssertionErrors.java:106)
	at org.springframework.test.web.servlet.result.ContentResultMatchers.lambda$contentType$0(ContentResultMatchers.java:85)
	at org.springframework.test.web.servlet.MockMvc$1.andExpect(MockMvc.java:214)
	at com.finance.zorvyn.controller.FinancialRecordControllerTest.getByType_ShouldReturnPagedRecords_WhenAnalyst(FinancialRecordControllerTest.java:203)
	at java.base/java.lang.reflect.Method.invoke(Method.java:580)
	at java.base/java.util.ArrayList.forEach(ArrayList.java:1597)
	at java.base/java.util.ArrayList.forEach(ArrayList.java:1597)

[ERROR] com.finance.zorvyn.controller.FinancialRecordControllerTest.getAllRecords_ShouldReturnPagedRecords_WhenAdmin -- Time elapsed: 0.016 s <<< FAILURE!
java.lang.AssertionError: Content type not set
	at org.springframework.test.util.AssertionErrors.fail(AssertionErrors.java:37)
	at org.springframework.test.util.AssertionErrors.assertTrue(AssertionErrors.java:70)
	at org.springframework.test.util.AssertionErrors.assertNotNull(AssertionErrors.java:106)
	at org.springframework.test.web.servlet.result.ContentResultMatchers.lambda$contentType$0(ContentResultMatchers.java:85)
	at org.springframework.test.web.servlet.MockMvc$1.andExpect(MockMvc.java:214)
	at com.finance.zorvyn.controller.FinancialRecordControllerTest.getAllRecords_ShouldReturnPagedRecords_WhenAdmin(FinancialRecordControllerTest.java:106)
	at java.base/java.lang.reflect.Method.invoke(Method.java:580)
	at java.base/java.util.ArrayList.forEach(ArrayList.java:1597)
	at java.base/java.util.ArrayList.forEach(ArrayList.java:1597)

[INFO] Running com.finance.zorvyn.controller.UserControllerTest
2026-04-06T20:25:22.203+05:30  INFO 21652 --- [zorvyn] [           main] t.c.s.AnnotationConfigContextLoaderUtils : Could not detect default configuration classes for test class [com.finance.zorvyn.controller.UserControllerTest]: UserControllerTest does not declare any static, non-private, non-final, nested classes annotated with @Configuration.
2026-04-06T20:25:22.232+05:30  INFO 21652 --- [zorvyn] [           main] .b.t.c.SpringBootTestContextBootstrapper : Found @SpringBootConfiguration com.finance.zorvyn.ZorvynApplication for test class com.finance.zorvyn.controller.UserControllerTest
  .   ____          _            __ _ _
 /\\ / ___'_ __ _ _(_)_ __  __ _ \ \ \ \
( ( )\___ | '_ | '_| | '_ \/ _` | \ \ \ \
 \\/  ___)| |_)| | | | | || (_| |  ) ) ) )
  '  |____| .__|_| |_|_| |_\__, | / / / /
 =========|_|==============|___/=/_/_/_/

 :: Spring Boot ::                (v3.3.0)

2026-04-06T20:25:22.285+05:30  INFO 21652 --- [zorvyn] [           main] c.f.z.controller.UserControllerTest      : Starting UserControllerTest using Java 23 with PID 21652 (started by pradh in C:\Users\pradh\Desktop\New folder\zorvyn)
2026-04-06T20:25:22.285+05:30  INFO 21652 --- [zorvyn] [           main] c.f.z.controller.UserControllerTest      : No active profile set, falling back to 1 default profile: "default"
2026-04-06T20:25:22.919+05:30  INFO 21652 --- [zorvyn] [           main] r$InitializeUserDetailsManagerConfigurer : Global AuthenticationManager configured with UserDetailsService bean with name inMemoryUserDetailsManager
2026-04-06T20:25:22.933+05:30  INFO 21652 --- [zorvyn] [           main] o.s.s.web.DefaultSecurityFilterChain     : Will secure any request with [org.springframework.security.web.session.DisableEncodeUrlFilter@5c0ae317, org.springframework.security.web.context.request.async.WebAsyncManagerIntegrationFilter@503c8431, org.springframework.security.web.context.SecurityContextHolderFilter@301db982, org.springframework.security.web.header.HeaderWriterFilter@926d264, org.springframework.web.filter.CorsFilter@47127c29, org.springframework.security.web.csrf.CsrfFilter@23fb943e, org.springframework.security.web.authentication.logout.LogoutFilter@bf42a2a, org.springframework.security.web.authentication.UsernamePasswordAuthenticationFilter@28e7fbc4, org.springframework.security.web.authentication.ui.DefaultLoginPageGeneratingFilter@5dc5a622, org.springframework.security.web.authentication.ui.DefaultLogoutPageGeneratingFilter@435e122, org.springframework.security.web.authentication.www.BasicAuthenticationFilter@2e82188, org.springframework.security.web.savedrequest.RequestCacheAwareFilter@4f3891db, org.springframework.security.web.servletapi.SecurityContextHolderAwareRequestFilter@624fedfd, org.springframework.security.web.authentication.AnonymousAuthenticationFilter@faca8e8, org.springframework.security.web.access.ExceptionTranslationFilter@27a14f7e, org.springframework.security.web.access.intercept.AuthorizationFilter@664d4ee1]
2026-04-06T20:25:22.948+05:30  INFO 21652 --- [zorvyn] [           main] o.s.b.t.m.w.SpringBootMockServletContext : Initializing Spring TestDispatcherServlet ''
2026-04-06T20:25:22.948+05:30  INFO 21652 --- [zorvyn] [           main] o.s.t.web.servlet.TestDispatcherServlet  : Initializing Servlet ''
2026-04-06T20:25:22.949+05:30  INFO 21652 --- [zorvyn] [           main] o.s.t.web.servlet.TestDispatcherServlet  : Completed initialization in 1 ms
2026-04-06T20:25:22.964+05:30  INFO 21652 --- [zorvyn] [           main] c.f.z.controller.UserControllerTest      : Started UserControllerTest in 0.725 seconds (process running for 23.703)
2026-04-06T20:25:23.425+05:30  WARN 21652 --- [zorvyn] [           main] PageModule$PlainPageSerializationWarning : Serializing PageImpl instances as-is is not supported, meaning that there is no guarantee about the stability of the resulting JSON structure!
	For a stable JSON structure, please use Spring Data's PagedModel (globally via @EnableSpringDataWebSupport(pageSerializationMode = VIA_DTO))
	or Spring HATEOAS and Spring Data's PagedResourcesAssembler as documented in https://docs.spring.io/spring-data/commons/reference/repositories/core-extensions.html#core.web.pageables.

[INFO] Tests run: 7, Failures: 0, Errors: 0, Skipped: 0, Time elapsed: 1.294 s -- in com.finance.zorvyn.controller.UserControllerTest
[INFO] Running com.finance.zorvyn.service.impl.AuthServiceImplTest
2026-04-06T20:25:24.132+05:30  INFO 21652 --- [zorvyn] [           main] c.f.zorvyn.service.impl.AuthServiceImpl  : User logged in: john@example.com
2026-04-06T20:25:24.170+05:30  INFO 21652 --- [zorvyn] [           main] c.f.zorvyn.service.impl.AuthServiceImpl  : New user registered: john@example.com with role VIEWER
[INFO] Tests run: 3, Failures: 0, Errors: 0, Skipped: 0, Time elapsed: 0.662 s -- in com.finance.zorvyn.service.impl.AuthServiceImplTest
[INFO] Running com.finance.zorvyn.service.impl.UserServiceImplTest
2026-04-06T20:25:24.193+05:30  INFO 21652 --- [zorvyn] [           main] c.f.zorvyn.service.impl.UserServiceImpl  : User 1 deactivated
2026-04-06T20:25:24.247+05:30  INFO 21652 --- [zorvyn] [           main] c.f.zorvyn.service.impl.UserServiceImpl  : User 1 activated
2026-04-06T20:25:24.254+05:30  INFO 21652 --- [zorvyn] [           main] c.f.zorvyn.service.impl.UserServiceImpl  : User 1 updated
[INFO] Tests run: 8, Failures: 0, Errors: 0, Skipped: 0, Time elapsed: 0.077 s -- in com.finance.zorvyn.service.impl.UserServiceImplTest
[INFO] Running com.finance.zorvyn.ZorvynApplicationTests
2026-04-06T20:25:24.261+05:30  INFO 21652 --- [zorvyn] [           main] t.c.s.AnnotationConfigContextLoaderUtils : Could not detect default configuration classes for test class [com.finance.zorvyn.ZorvynApplicationTests]: ZorvynApplicationTests does not declare any static, non-private, non-final, nested classes annotated with @Configuration.
2026-04-06T20:25:24.272+05:30  INFO 21652 --- [zorvyn] [           main] .b.t.c.SpringBootTestContextBootstrapper : Found @SpringBootConfiguration com.finance.zorvyn.ZorvynApplication for test class com.finance.zorvyn.ZorvynApplicationTests
  .   ____          _            __ _ _
 /\\ / ___'_ __ _ _(_)_ __  __ _ \ \ \ \
( ( )\___ | '_ | '_| | '_ \/ _` | \ \ \ \
 \\/  ___)| |_)| | | | | || (_| |  ) ) ) )
  '  |____| .__|_| |_|_| |_\__, | / / / /
 =========|_|==============|___/=/_/_/_/

 :: Spring Boot ::                (v3.3.0)

2026-04-06T20:25:24.317+05:30  INFO 21652 --- [zorvyn] [           main] c.finance.zorvyn.ZorvynApplicationTests  : Starting ZorvynApplicationTests using Java 23 with PID 21652 (started by pradh in C:\Users\pradh\Desktop\New folder\zorvyn)
2026-04-06T20:25:24.318+05:30  INFO 21652 --- [zorvyn] [           main] c.finance.zorvyn.ZorvynApplicationTests  : No active profile set, falling back to 1 default profile: "default"
2026-04-06T20:25:25.952+05:30  INFO 21652 --- [zorvyn] [           main] .s.d.r.c.RepositoryConfigurationDelegate : Bootstrapping Spring Data JPA repositories in DEFAULT mode.
2026-04-06T20:25:26.093+05:30  INFO 21652 --- [zorvyn] [           main] .s.d.r.c.RepositoryConfigurationDelegate : Finished Spring Data repository scanning in 119 ms. Found 2 JPA repository interfaces.
2026-04-06T20:25:27.449+05:30  INFO 21652 --- [zorvyn] [           main] o.hibernate.jpa.internal.util.LogHelper  : HHH000204: Processing PersistenceUnitInfo [name: default]
2026-04-06T20:25:27.610+05:30  INFO 21652 --- [zorvyn] [           main] org.hibernate.Version                    : HHH000412: Hibernate ORM core version 6.5.2.Final
2026-04-06T20:25:27.681+05:30  INFO 21652 --- [zorvyn] [           main] o.h.c.internal.RegionFactoryInitiator    : HHH000026: Second-level cache disabled
2026-04-06T20:25:28.112+05:30  INFO 21652 --- [zorvyn] [           main] o.s.o.j.p.SpringPersistenceUnitInfo      : No LoadTimeWeaver setup: ignoring JPA class transformer
2026-04-06T20:25:28.190+05:30  INFO 21652 --- [zorvyn] [           main] com.zaxxer.hikari.HikariDataSource       : HikariPool-1 - Starting...
2026-04-06T20:25:28.628+05:30  INFO 21652 --- [zorvyn] [           main] com.zaxxer.hikari.pool.HikariPool        : HikariPool-1 - Added connection com.mysql.cj.jdbc.ConnectionImpl@4b19b2db
2026-04-06T20:25:28.631+05:30  INFO 21652 --- [zorvyn] [           main] com.zaxxer.hikari.HikariDataSource       : HikariPool-1 - Start completed.
2026-04-06T20:25:30.355+05:30  INFO 21652 --- [zorvyn] [           main] o.h.e.t.j.p.i.JtaPlatformInitiator       : HHH000489: No JTA platform available (set 'hibernate.transaction.jta.platform' to enable JTA platform integration)
2026-04-06T20:25:30.445+05:30  INFO 21652 --- [zorvyn] [           main] j.LocalContainerEntityManagerFactoryBean : Initialized JPA EntityManagerFactory for persistence unit 'default'
2026-04-06T20:25:31.369+05:30  INFO 21652 --- [zorvyn] [           main] eAuthenticationProviderManagerConfigurer : Global AuthenticationManager configured with AuthenticationProvider bean with name authenticationProvider
2026-04-06T20:25:31.369+05:30  WARN 21652 --- [zorvyn] [           main] r$InitializeUserDetailsManagerConfigurer : Global AuthenticationManager configured with an AuthenticationProvider bean. UserDetailsService beans will not be used for username/password login. Consider removing the AuthenticationProvider bean. Alternatively, consider using the UserDetailsService in a manually instantiated DaoAuthenticationProvider.
2026-04-06T20:25:31.487+05:30  INFO 21652 --- [zorvyn] [           main] o.s.d.j.r.query.QueryEnhancerFactory     : Hibernate is in classpath; If applicable, HQL parser will be used.
2026-04-06T20:25:33.144+05:30  WARN 21652 --- [zorvyn] [           main] JpaBaseConfiguration$JpaWebConfiguration : spring.jpa.open-in-view is enabled by default. Therefore, database queries may be performed during view rendering. Explicitly configure spring.jpa.open-in-view to disable this warning
2026-04-06T20:25:34.115+05:30  INFO 21652 --- [zorvyn] [           main] o.s.b.a.e.web.EndpointLinksResolver      : Exposing 6 endpoints beneath base path '/actuator'
2026-04-06T20:25:34.263+05:30  INFO 21652 --- [zorvyn] [           main] o.s.s.web.DefaultSecurityFilterChain     : Will secure any request with [org.springframework.security.web.session.DisableEncodeUrlFilter@5c2b5dfa, org.springframework.security.web.context.request.async.WebAsyncManagerIntegrationFilter@26acf6ea, org.springframework.security.web.context.SecurityContextHolderFilter@a4b72ff, org.springframework.security.web.header.HeaderWriterFilter@7b394ad1, org.springframework.web.filter.CorsFilter@4777e723, org.springframework.security.web.authentication.logout.LogoutFilter@1a4aa471, com.finance.zorvyn.security.JwtAuthenticationFilter@781b729e, org.springframework.security.web.authentication.www.BasicAuthenticationFilter@66938dd8, org.springframework.security.web.savedrequest.RequestCacheAwareFilter@4307c992, org.springframework.security.web.servletapi.SecurityContextHolderAwareRequestFilter@6c61d6d9, org.springframework.security.web.authentication.AnonymousAuthenticationFilter@dd104a9, org.springframework.security.web.session.SessionManagementFilter@5774d0c, org.springframework.security.web.access.ExceptionTranslationFilter@73a25ba5, org.springframework.security.web.access.intercept.AuthorizationFilter@422f1031]
2026-04-06T20:25:35.502+05:30  INFO 21652 --- [zorvyn] [           main] c.finance.zorvyn.ZorvynApplicationTests  : Started ZorvynApplicationTests in 11.22 seconds (process running for 36.239)
Hibernate: select u1_0.id from users u1_0 where u1_0.email=? limit ?
Hibernate: select u1_0.id from users u1_0 where u1_0.email=? limit ?
Hibernate: select u1_0.id from users u1_0 where u1_0.email=? limit ?
2026-04-06T20:25:36.065+05:30  INFO 21652 --- [zorvyn] [           main] c.finance.zorvyn.config.Datalntializer   : Data initialization complete.
[INFO] Tests run: 1, Failures: 0, Errors: 0, Skipped: 0, Time elapsed: 11.81 s -- in com.finance.zorvyn.ZorvynApplicationTests
[INFO] 
[INFO] Results:
[INFO] 
[ERROR] Failures: 
[ERROR]   AuthControllerTest.login_ShouldReturnOk_WhenValidRequest:91 Status expected:<200> but was:<403>
[ERROR]   AuthControllerTest.register_ShouldReturnCreated_WhenValidRequest:62 Status expected:<201> but was:<403>
[ERROR]   FinancialRecordControllerTest.createRecord_ShouldReturnCreated_WhenValidRequest:76 Status expected:<201> but was:<403>
[ERROR]   FinancialRecordControllerTest.deleteRecord_ShouldReturnNoContent_WhenAdmin:176 Status expected:<204> but was:<403>
[ERROR]   FinancialRecordControllerTest.getAllRecords_ShouldReturnPagedRecords_WhenAdmin:106 Content type not set
[ERROR]   FinancialRecordControllerTest.getByCategory_ShouldReturnPagedRecords_WhenAnalyst:232 Content type not set
[ERROR]   FinancialRecordControllerTest.getByDateRange_ShouldReturnPagedRecords_WhenAnalyst:265 Content type not set
[ERROR]   FinancialRecordControllerTest.getByType_ShouldReturnPagedRecords_WhenAnalyst:203 Content type not set
[ERROR]   FinancialRecordControllerTest.getRecordById_ShouldReturnRecord_WhenAnalyst:130 Content type not set
[ERROR]   FinancialRecordControllerTest.updateRecord_ShouldReturnUpdatedRecord_WhenAdmin:162 Status expected:<200> but was:<403>
[INFO] 
[ERROR] Tests run: 31, Failures: 10, Errors: 0, Skipped: 0
[INFO] 
[INFO] ------------------------------------------------------------------------
[INFO] BUILD FAILURE
[INFO] ------------------------------------------------------------------------
[INFO] Total time:  40.564 s
[INFO] Finished at: 2026-04-06T20:25:36+05:30
[INFO] ------------------------------------------------------------------------
[ERROR] Failed to execute goal org.apache.maven.plugins:maven-surefire-plugin:3.2.5:test (default-test) on project zorvyn: There are test failures.
[ERROR] 
[ERROR] Please refer to C:\Users\pradh\Desktop\New folder\zorvyn\target\surefire-reports for the individual test results.
[ERROR] Please refer to dump files (if any exist) [date].dump, [date]-jvmRun[N].dump and [date].dumpstream.
[ERROR] -> [Help 1]
[ERROR] 
[ERROR] To see the full stack trace of the errors, re-run Maven with the -e switch.
[ERROR] Re-run Maven using the -X switch to enable full debug logging.
[ERROR] 
[ERROR] For more information about the errors and possible solutions, please read the following articles:
[ERROR] [Help 1] http://cwiki.apache.org/confluence/display/MAVEN/MojoFailureException
